../../Drivers/STM32WBxx_HAL_Driver/Inc/stm32wbxx_ll_rcc.h:2883:22:LL_RCC_EnableRTC	4	static
../../Drivers/STM32WBxx_HAL_Driver/Inc/stm32wbxx_ll_rcc.h:2893:22:LL_RCC_DisableRTC	4	static
../../Drivers/STM32WBxx_HAL_Driver/Inc/stm32wbxx_ll_bus.h:539:22:LL_AHB2_GRP1_EnableClock	24	static
../../Drivers/STM32WBxx_HAL_Driver/Inc/stm32wbxx_ll_bus.h:744:22:LL_AHB3_GRP1_EnableClock	24	static
../../Drivers/STM32WBxx_HAL_Driver/Inc/stm32wbxx_ll_bus.h:798:22:LL_AHB3_GRP1_DisableClock	16	static
../../Drivers/STM32WBxx_HAL_Driver/Inc/stm32wbxx_ll_bus.h:939:22:LL_APB1_GRP1_EnableClock	24	static
../../Drivers/STM32WBxx_HAL_Driver/Inc/stm32wbxx_ll_bus.h:958:22:LL_APB1_GRP2_EnableClock	24	static
../../Drivers/STM32WBxx_HAL_Driver/Inc/stm32wbxx_ll_bus.h:1038:22:LL_APB1_GRP1_DisableClock	16	static
../../Drivers/STM32WBxx_HAL_Driver/Inc/stm32wbxx_ll_bus.h:1053:22:LL_APB1_GRP2_DisableClock	16	static
../../Drivers/STM32WBxx_HAL_Driver/Inc/stm32wbxx_ll_bus.h:1274:22:LL_APB2_GRP1_EnableClock	24	static
../../Drivers/STM32WBxx_HAL_Driver/Inc/stm32wbxx_ll_bus.h:1328:22:LL_APB2_GRP1_DisableClock	16	static
/Users/waarrk/Documents/software_prayground/flutter_blue_stm32wb/stm_app/BLE_Beacon/Core/Src/stm32wbxx_hal_msp.c:66:6:HAL_MspInit	8	static
/Users/waarrk/Documents/software_prayground/flutter_blue_stm32wb/stm_app/BLE_Beacon/Core/Src/stm32wbxx_hal_msp.c:92:6:HAL_IPCC_MspInit	16	static
/Users/waarrk/Documents/software_prayground/flutter_blue_stm32wb/stm_app/BLE_Beacon/Core/Src/stm32wbxx_hal_msp.c:119:6:HAL_IPCC_MspDeInit	16	static
/Users/waarrk/Documents/software_prayground/flutter_blue_stm32wb/stm_app/BLE_Beacon/Core/Src/stm32wbxx_hal_msp.c:145:6:HAL_UART_MspInit	136	static
/Users/waarrk/Documents/software_prayground/flutter_blue_stm32wb/stm_app/BLE_Beacon/Core/Src/stm32wbxx_hal_msp.c:279:6:HAL_UART_MspDeInit	16	static
/Users/waarrk/Documents/software_prayground/flutter_blue_stm32wb/stm_app/BLE_Beacon/Core/Src/stm32wbxx_hal_msp.c:336:6:HAL_RTC_MspInit	96	static
/Users/waarrk/Documents/software_prayground/flutter_blue_stm32wb/stm_app/BLE_Beacon/Core/Src/stm32wbxx_hal_msp.c:373:6:HAL_RTC_MspDeInit	16	static
