../../Drivers/CMSIS/Include/core_cm4.h:1933:34:__NVIC_SystemReset	4	static,ignoring_inline_asm
../../Drivers/STM32WBxx_HAL_Driver/Inc/stm32wbxx_ll_system.h:2223:26:LL_FLASH_GetUDN	4	static
../../Drivers/STM32WBxx_HAL_Driver/Inc/stm32wbxx_ll_system.h:2235:26:LL_FLASH_GetDeviceID	4	static
../../Drivers/STM32WBxx_HAL_Driver/Inc/stm32wbxx_ll_system.h:2247:26:LL_FLASH_GetSTCompanyID	4	static
/Users/waarrk/Documents/software_prayground/flutter_blue_stm32wb/stm_app/BLE_Beacon/STM32_WPAN/App/app_ble.c:133:6:APP_BLE_Init	80	static
/Users/waarrk/Documents/software_prayground/flutter_blue_stm32wb/stm_app/BLE_Beacon/STM32_WPAN/App/app_ble.c:252:28:SVCCTL_App_Notification	32	static
/Users/waarrk/Documents/software_prayground/flutter_blue_stm32wb/stm_app/BLE_Beacon/STM32_WPAN/App/app_ble.c:335:6:APP_BLE_Key_Button1_Action	4	static
/Users/waarrk/Documents/software_prayground/flutter_blue_stm32wb/stm_app/BLE_Beacon/STM32_WPAN/App/app_ble.c:340:6:APP_BLE_Key_Button2_Action	4	static
/Users/waarrk/Documents/software_prayground/flutter_blue_stm32wb/stm_app/BLE_Beacon/STM32_WPAN/App/app_ble.c:345:6:APP_BLE_Key_Button3_Action	4	static
/Users/waarrk/Documents/software_prayground/flutter_blue_stm32wb/stm_app/BLE_Beacon/STM32_WPAN/App/app_ble.c:357:13:Ble_Tl_Init	16	static
/Users/waarrk/Documents/software_prayground/flutter_blue_stm32wb/stm_app/BLE_Beacon/STM32_WPAN/App/app_ble.c:368:13:Ble_Hci_Gap_Gatt_Init	56	static
/Users/waarrk/Documents/software_prayground/flutter_blue_stm32wb/stm_app/BLE_Beacon/STM32_WPAN/App/app_ble.c:524:13:Beacon_Update	24	static
/Users/waarrk/Documents/software_prayground/flutter_blue_stm32wb/stm_app/BLE_Beacon/STM32_WPAN/App/app_ble.c:559:16:BleGetBdAddress	32	static
/Users/waarrk/Documents/software_prayground/flutter_blue_stm32wb/stm_app/BLE_Beacon/STM32_WPAN/App/app_ble.c:619:6:hci_notify_asynch_evt	16	static
/Users/waarrk/Documents/software_prayground/flutter_blue_stm32wb/stm_app/BLE_Beacon/STM32_WPAN/App/app_ble.c:626:6:hci_cmd_resp_release	16	static
/Users/waarrk/Documents/software_prayground/flutter_blue_stm32wb/stm_app/BLE_Beacon/STM32_WPAN/App/app_ble.c:633:6:hci_cmd_resp_wait	16	static
/Users/waarrk/Documents/software_prayground/flutter_blue_stm32wb/stm_app/BLE_Beacon/STM32_WPAN/App/app_ble.c:640:13:BLE_UserEvtRx	24	static
/Users/waarrk/Documents/software_prayground/flutter_blue_stm32wb/stm_app/BLE_Beacon/STM32_WPAN/App/app_ble.c:660:13:BLE_StatusNot	24	static
/Users/waarrk/Documents/software_prayground/flutter_blue_stm32wb/stm_app/BLE_Beacon/STM32_WPAN/App/app_ble.c:699:6:SVCCTL_ResumeUserEventFlow	8	static
